2025-05-03 14:29:31,620 [Worker-12: Loading available Gradle versions] INFO  o.e.b.c.i.u.g.PublishedGradleVersions - Gradle version information cache is not available. Remote download required.
2025-05-03 14:29:59,102 [Worker-34: Building] INFO  o.e.m.c.i.l.LifecycleMappingFactory - Using org.eclipse.m2e.jdt.JarLifecycleMapping lifecycle mapping for MavenProject: fsj:Banking:0.0.1-SNAPSHOT @ /Users/0xclear/Documents/FSJ-Development/FullGit/FullStackRepo/Banking/pom.xml.
2025-05-03 14:29:59,348 [Worker-34: Building] INFO  o.a.m.s.f.DefaultMavenResourcesFiltering - skip non existing resourceDirectory /Users/0xclear/Documents/FSJ-Development/FullGit/FullStackRepo/Banking/src/main/resources
2025-05-03 14:29:59,350 [Worker-34: Building] INFO  o.a.m.s.f.DefaultMavenResourcesFiltering - skip non existing resourceDirectory /Users/0xclear/Documents/FSJ-Development/FullGit/FullStackRepo/Banking/src/test/resources
2025-05-03 14:29:59,521 [Worker-5: Building] INFO  o.a.m.s.f.DefaultMavenResourcesFiltering - skip non existing resourceDirectory /Users/0xclear/Documents/FSJ-Development/FullGit/FullStackRepo/Banking/src/main/resources
2025-05-03 14:29:59,522 [Worker-5: Building] INFO  o.a.m.s.f.DefaultMavenResourcesFiltering - skip non existing resourceDirectory /Users/0xclear/Documents/FSJ-Development/FullGit/FullStackRepo/Banking/src/test/resources
2025-05-03 14:29:59,619 [Worker-5: Building] INFO  o.e.m.c.i.l.LifecycleMappingFactory - Using org.maven.ide.eclipse.wtp.WarLifecycleMapping lifecycle mapping for MavenProject: fsj:FullGitIntroduction:0.0.1-SNAPSHOT @ /Users/0xclear/Documents/FSJ-Development/FullGit/FullStackRepo/FullGitIntroduction/pom.xml.
2025-05-03 14:29:59,913 [Worker-5: Building] WARN  o.a.m.s.f.DefaultMavenResourcesFiltering - Using platform encoding (UTF-8 actually) to copy filtered resources, i.e. build is platform dependent!
2025-05-03 14:29:59,914 [Worker-5: Building] INFO  o.a.m.s.f.DefaultMavenResourcesFiltering - skip non existing resourceDirectory /Users/0xclear/Documents/FSJ-Development/FullGit/FullStackRepo/FullGitIntroduction/src/main/resources
2025-05-03 14:29:59,915 [Worker-5: Building] WARN  o.a.m.s.f.DefaultMavenResourcesFiltering - Using platform encoding (UTF-8 actually) to copy filtered resources, i.e. build is platform dependent!
2025-05-03 14:29:59,915 [Worker-5: Building] INFO  o.a.m.s.f.DefaultMavenResourcesFiltering - skip non existing resourceDirectory /Users/0xclear/Documents/FSJ-Development/FullGit/FullStackRepo/FullGitIntroduction/src/test/resources
2025-05-03 14:30:00,032 [Worker-33: Updating Maven Dependencies] INFO  o.e.m.c.i.l.LifecycleMappingFactory - Using org.maven.ide.eclipse.wtp.WarLifecycleMapping lifecycle mapping for MavenProject: fsj:FullGitIntroduction:0.0.1-SNAPSHOT @ /Users/0xclear/Documents/FSJ-Development/FullGit/FullStackRepo/FullGitIntroduction/pom.xml.
2025-05-03 14:30:00,059 [Worker-33: Updating Maven Dependencies] INFO  o.e.m.c.i.l.LifecycleMappingFactory - Using org.eclipse.m2e.jdt.JarLifecycleMapping lifecycle mapping for MavenProject: fsj:Banking:0.0.1-SNAPSHOT @ /Users/0xclear/Documents/FSJ-Development/FullGit/FullStackRepo/Banking/pom.xml.
2025-05-03 14:44:29,198 [Worker-39: Building] INFO  o.a.m.s.f.DefaultMavenResourcesFiltering - skip non existing resourceDirectory /Users/0xclear/Documents/FSJ-Development/FullGit/FullStackRepo/Banking/src/main/resources
2025-05-03 14:44:29,200 [Worker-39: Building] INFO  o.a.m.s.f.DefaultMavenResourcesFiltering - skip non existing resourceDirectory /Users/0xclear/Documents/FSJ-Development/FullGit/FullStackRepo/Banking/src/test/resources
2025-05-03 14:46:23,760 [Worker-40: Building] INFO  o.a.m.s.f.DefaultMavenResourcesFiltering - skip non existing resourceDirectory /Users/0xclear/Documents/FSJ-Development/FullGit/FullStackRepo/Banking/src/main/resources
2025-05-03 14:46:23,761 [Worker-40: Building] INFO  o.a.m.s.f.DefaultMavenResourcesFiltering - skip non existing resourceDirectory /Users/0xclear/Documents/FSJ-Development/FullGit/FullStackRepo/Banking/src/test/resources
2025-05-03 14:47:00,992 [Worker-39: Building] INFO  o.a.m.s.f.DefaultMavenResourcesFiltering - Copying 0 resource from src/main/resources to target/classes
2025-05-03 14:47:00,994 [Worker-39: Building] INFO  o.a.m.s.f.DefaultMavenResourcesFiltering - Copying 0 resource from src/test/resources to target/test-classes
2025-05-03 14:47:16,744 [Worker-19: Updating Maven Project] INFO  o.e.m.c.i.p.ProjectConfigurationManager - Update started
2025-05-03 14:47:16,811 [Worker-19: Updating Maven Project] INFO  o.e.m.c.i.l.LifecycleMappingFactory - Using org.eclipse.m2e.jdt.JarLifecycleMapping lifecycle mapping for MavenProject: fsj:Banking:0.0.1-SNAPSHOT @ /Users/0xclear/Documents/FSJ-Development/FullGit/FullStackRepo/Banking/pom.xml.
2025-05-03 14:47:16,839 [Worker-19: Updating Maven Project] INFO  o.e.m.j.i.AbstractJavaProjectConfigurator - Adding source folder /Banking/src/main/java
2025-05-03 14:47:16,840 [Worker-19: Updating Maven Project] INFO  o.e.m.j.i.AbstractJavaProjectConfigurator - Adding resource folder /Banking/src/main/resources
2025-05-03 14:47:16,842 [Worker-19: Updating Maven Project] INFO  o.e.m.j.i.AbstractJavaProjectConfigurator - Adding source folder /Banking/src/test/java
2025-05-03 14:47:16,843 [Worker-19: Updating Maven Project] INFO  o.e.m.j.i.AbstractJavaProjectConfigurator - Adding resource folder /Banking/src/test/resources
2025-05-03 14:47:16,874 [Worker-19: Updating Maven Project] INFO  o.e.m.c.i.p.ProjectConfigurationManager - Update completed for 1 poms: local refresh takes 0,00 sec, refresh facades takes 0,00 sec, update config takes 0,00 sec 
2025-05-03 14:47:16,994 [Worker-37: Building] INFO  o.a.m.s.f.DefaultMavenResourcesFiltering - Copying 0 resource from src/main/resources to target/classes
2025-05-03 14:47:16,996 [Worker-37: Building] INFO  o.a.m.s.f.DefaultMavenResourcesFiltering - Copying 0 resource from src/test/resources to target/test-classes
